<?xml version="1.0" encoding="utf-8"?><testsuites name="pytest tests"><testsuite name="pytest" errors="0" failures="0" skipped="0" tests="3" time="0.069" timestamp="2026-07-18T14:50:11.814353+01:00" hostname="MayKhammessy"><testcase classname="tests.test_example" name="test_addition" time="0.001" /><testcase classname="tests.test_example" name="test_multiplication" time="0.001" /><testcase classname="tests.test_example" name="test_true" time="0.001" /></testsuite></testsuites>